[spans: 1] [--Hello,]
[spans: 2] [ ] [world--]
[spans: 1] []
[spans: 1] [--How ar]
[spans: 1] [e you?--]
[spans: 1] []
[spans: 1] [--Today?]
[spans: 1] [--]
